\BOOKMARK [0][-]{chapter*.2}{\376\377\000P\000r\000e\000f\000a\000c\000e}{}% 1
\BOOKMARK [0][-]{chapter.1}{\376\377\000L\000a\000n\000g\000u\000a\000g\000e\000s}{}% 2
\BOOKMARK [0][-]{chapter.2}{\376\377\000P\000r\000o\000p\000o\000s\000i\000t\000i\000o\000n\000a\000l\000\040\000L\000o\000g\000i\000c}{}% 3
\BOOKMARK [1][-]{section.2.1}{\376\377\000S\000y\000n\000t\000a\000x}{chapter.2}% 4
\BOOKMARK [1][-]{section.2.2}{\376\377\000S\000y\000n\000t\000a\000x}{chapter.2}% 5
\BOOKMARK [1][-]{section.2.3}{\376\377\000E\000x\000a\000m\000p\000l\000e\000s}{chapter.2}% 6
\BOOKMARK [1][-]{section.2.4}{\376\377\000S\000e\000m\000a\000n\000t\000i\000c\000s}{chapter.2}% 7
\BOOKMARK [1][-]{section.2.5}{\376\377\000I\000n\000t\000e\000r\000p\000r\000e\000t\000a\000t\000i\000o\000n\000s}{chapter.2}% 8
\BOOKMARK [0][-]{chapter.3}{\376\377\000M\000o\000d\000e\000l\000\040\000T\000h\000e\000o\000r\000y}{}% 9
\BOOKMARK [1][-]{section.3.1}{\376\377\000M\000o\000d\000e\000l\000s}{chapter.3}% 10
\BOOKMARK [1][-]{section.3.2}{\376\377\000T\000r\000u\000t\000h\000\040\000T\000a\000b\000l\000e\000s}{chapter.3}% 11
\BOOKMARK [1][-]{section.3.3}{\376\377\000C\000o\000u\000n\000t\000e\000r\000e\000x\000a\000m\000p\000l\000e\000s}{chapter.3}% 12
\BOOKMARK [1][-]{section.3.4}{\376\377\000P\000r\000o\000p\000e\000r\000t\000i\000e\000s\000x}{chapter.3}% 13
\BOOKMARK [1][-]{section.3.5}{\376\377\000V\000a\000l\000i\000d\000i\000t\000y}{chapter.3}% 14
\BOOKMARK [0][-]{chapter.4}{\376\377\000A\000r\000i\000t\000h\000m\000e\000t\000i\000c}{}% 15
\BOOKMARK [1][-]{section.4.1}{\376\377\000D\000o\000m\000a\000i\000n}{chapter.4}% 16
\BOOKMARK [1][-]{section.4.2}{\376\377\000S\000y\000n\000t\000a\000x}{chapter.4}% 17
\BOOKMARK [1][-]{section.4.3}{\376\377\000S\000e\000m\000a\000n\000t\000i\000c\000s}{chapter.4}% 18
\BOOKMARK [1][-]{section.4.4}{\376\377\000I\000n\000d\000u\000c\000t\000i\000o\000n}{chapter.4}% 19
\BOOKMARK [1][-]{section.4.5}{\376\377\000E\000x\000a\000m\000p\000l\000e\000s}{chapter.4}% 20
\BOOKMARK [0][-]{chapter.5}{\376\377\000T\000h\000e\000o\000r\000y\000\040\000E\000x\000t\000e\000n\000s\000i\000o\000n\000s}{}% 21
\BOOKMARK [1][-]{section.5.1}{\376\377\000D\000o\000m\000a\000i\000n}{chapter.5}% 22
\BOOKMARK [1][-]{section.5.2}{\376\377\000S\000y\000n\000t\000a\000x}{chapter.5}% 23
\BOOKMARK [1][-]{section.5.3}{\376\377\000S\000e\000m\000a\000n\000t\000i\000c\000s}{chapter.5}% 24
\BOOKMARK [1][-]{section.5.4}{\376\377\000E\000x\000a\000m\000p\000l\000e\000s}{chapter.5}% 25
\BOOKMARK [1][-]{section.5.5}{\376\377\000S\000a\000t\000i\000s\000f\000i\000a\000b\000i\000l\000i\000t\000y\000\040\000M\000o\000d\000u\000l\000o\000\040\000T\000h\000e\000o\000r\000i\000e\000s}{chapter.5}% 26
\BOOKMARK [0][-]{chapter.6}{\376\377\000I\000n\000d\000u\000c\000t\000i\000o\000n}{}% 27
\BOOKMARK [0][-]{chapter.7}{\376\377\000m\000a\000t\000h\000l\000i\000b}{}% 28
\BOOKMARK [0][-]{chapter.8}{\376\377\000P\000r\000e\000d\000i\000c\000a\000t\000e\000\040\000L\000o\000g\000i\000c}{}% 29
\BOOKMARK [1][-]{section.8.1}{\376\377\000I\000n\000t\000r\000o\000d\000u\000c\000t\000i\000o\000n}{chapter.8}% 30
\BOOKMARK [1][-]{section.8.2}{\376\377\000P\000r\000o\000p\000o\000s\000i\000t\000i\000o\000n\000s\000\040\000a\000s\000\040\000D\000a\000t\000a\000\040\000T\000y\000p\000e\000s}{chapter.8}% 31
\BOOKMARK [1][-]{section.8.3}{\376\377\000P\000r\000o\000p\000o\000s\000i\000t\000i\000o\000n\000s\000\040\000a\000s\000\040\000L\000o\000g\000i\000c\000a\000l\000\040\000T\000y\000p\000e\000s}{chapter.8}% 32
\BOOKMARK [1][-]{section.8.4}{\376\377\000C\000l\000a\000s\000s\000i\000c\000a\000l\000\040\000R\000e\000a\000s\000o\000n\000i\000n\000g}{chapter.8}% 33
\BOOKMARK [1][-]{section.8.5}{\376\377\000P\000r\000e\000d\000i\000c\000a\000t\000e\000s}{chapter.8}% 34
\BOOKMARK [1][-]{section.8.6}{\376\377\000Q\000u\000a\000n\000t\000i\000f\000i\000e\000r\000s}{chapter.8}% 35
\BOOKMARK [2][-]{subsection.8.6.1}{\376\377\000F\000o\000r\000\040\000A\000l\000l}{section.8.6}% 36
\BOOKMARK [2][-]{subsection.8.6.2}{\376\377\000E\000x\000i\000s\000t\000s}{section.8.6}% 37
\BOOKMARK [1][-]{section.8.7}{\376\377\000D\000e\000p\000e\000n\000d\000e\000n\000t\000\040\000T\000y\000p\000e\000\040\000T\000h\000e\000o\000r\000y}{chapter.8}% 38
\BOOKMARK [0][-]{chapter.9}{\376\377\000S\000e\000t\000s\000\040\000R\000e\000l\000a\000t\000i\000o\000n\000s\000\040\000a\000n\000d\000\040\000P\000r\000o\000p\000e\000r\000t\000i\000e\000s\000\040\000T\000h\000e\000r\000e\000o\000f}{}% 39
\BOOKMARK [1][-]{section.9.1}{\376\377\000S\000e\000t\000s}{chapter.9}% 40
\BOOKMARK [1][-]{section.9.2}{\376\377\000R\000e\000l\000a\000t\000i\000o\000n\000s}{chapter.9}% 41
\BOOKMARK [1][-]{section.9.3}{\376\377\000E\000q\000u\000a\000l\000i\000t\000y}{chapter.9}% 42
\BOOKMARK [1][-]{section.9.4}{\376\377\000P\000r\000o\000p\000e\000r\000t\000i\000e\000s}{chapter.9}% 43
\BOOKMARK [0][-]{chapter.10}{\376\377\000A\000b\000s\000t\000r\000a\000c\000t\000\040\000A\000l\000g\000e\000b\000r\000a}{}% 44
\BOOKMARK [1][-]{section.10.1}{\376\377\000G\000r\000o\000u\000p\000s}{chapter.10}% 45
\BOOKMARK [1][-]{section.10.2}{\376\377\000A\000c\000t\000i\000o\000n\000s}{chapter.10}% 46
\BOOKMARK [1][-]{section.10.3}{\376\377\000T\000o\000r\000s\000o\000r\000s\000\040\000o\000v\000e\000r\000\040\000G\000r\000o\000u\000p\000s}{chapter.10}% 47
\BOOKMARK [1][-]{section.10.4}{\376\377\000M\000o\000d\000u\000l\000e\000s\000\040\000a\000n\000d\000\040\000V\000e\000c\000t\000o\000r\000\040\000S\000p\000a\000c\000e\000s}{chapter.10}% 48
\BOOKMARK [1][-]{section.10.5}{\376\377\000A\000f\000f\000i\000n\000e\000\040\000S\000p\000a\000c\000e\000s}{chapter.10}% 49
\BOOKMARK [1][-]{section.10.6}{\376\377\000n\000-\000D\000i\000m\000e\000n\000s\000i\000o\000n\000a\000l\000\040\000S\000p\000a\000c\000e\000s}{chapter.10}% 50
\BOOKMARK [1][-]{section.10.7}{\376\377\000S\000c\000a\000l\000a\000r}{chapter.10}% 51
\BOOKMARK [1][-]{section.10.8}{\376\377\000T\000u\000p\000l\000e}{chapter.10}% 52
\BOOKMARK [1][-]{section.10.9}{\376\377\000V\000e\000c\000t\000o\000r}{chapter.10}% 53
\BOOKMARK [1][-]{section.10.10}{\376\377\000P\000o\000i\000n\000t}{chapter.10}% 54
\BOOKMARK [1][-]{section.10.11}{\376\377\000T\000o\000r\000s\000o\000r}{chapter.10}% 55
\BOOKMARK [1][-]{section.10.12}{\376\377\000A\000f\000f\000i\000n\000e}{chapter.10}% 56
\BOOKMARK [0][-]{chapter.11}{\376\377\000T\000y\000p\000e\000\040\000H\000e\000t\000e\000r\000o\000g\000e\000n\000e\000i\000t\000y}{}% 57
\BOOKMARK [1][-]{section.11.1}{\376\377\000H\000e\000t\000e\000r\000o\000g\000e\000n\000e\000o\000u\000s\000\040\000C\000o\000l\000l\000e\000c\000t\000i\000o\000n\000s}{chapter.11}% 58
\BOOKMARK [1][-]{section.11.2}{\376\377\000C\000u\000s\000t\000o\000m\000\040\000D\000y\000n\000a\000m\000i\000c\000\040\000T\000y\000p\000e\000s}{chapter.11}% 59
\BOOKMARK [1][-]{section.11.3}{\376\377\000E\000x\000i\000s\000t\000e\000n\000t\000i\000a\000l\000\040\000W\000r\000a\000p\000p\000e\000r\000s}{chapter.11}% 60
\BOOKMARK [1][-]{section.11.4}{\376\377\000H\000e\000t\000e\000r\000o\000g\000e\000n\000e\000o\000u\000s\000\040\000S\000i\000g\000n\000a\000t\000u\000r\000e\000s}{chapter.11}% 61
\BOOKMARK [1][-]{section.11.5}{\376\377\000H\000e\000t\000e\000r\000o\000g\000e\000n\000e\000o\000u\000s\000\040\000L\000i\000s\000t\000s}{chapter.11}% 62
\BOOKMARK [1][-]{section.11.6}{\376\377\000H\000e\000t\000e\000r\000o\000g\000e\000n\000e\000o\000u\000s\000\040\000V\000e\000c\000t\000o\000r\000s}{chapter.11}% 63
\BOOKMARK [1][-]{section.11.7}{\376\377\000S\000i\000g\000m\000a\000\040\000C\000h\000a\000i\000n\000s}{chapter.11}% 64
\BOOKMARK [0][-]{chapter*.51}{\376\377\000G\000e\000t\000t\000i\000n\000g\000\040\000S\000t\000a\000r\000t\000e\000d}{}% 65
\BOOKMARK [0][-]{chapter*.57}{\376\377\000L\000e\000a\000r\000n\000i\000n\000g\000\040\000R\000e\000s\000o\000u\000r\000c\000e\000s}{}% 66
